---
source: tests/check.rs
expression: "test_check(common :: samples :: TYPE_ERRORS)"
---
const a: string = 42
const b: number = true
const c = 1 + true
const d = 'hello' - 1
const e = 1 && 2
const f = 1 < true
const g = !42
const h: boolean = nil ?? 5
const i: 0..10 = 15
const j: string[] = ['hello', 42]
const k: () => string = () => 42
const l: (string) => number = (x: number) => x
const m = if 1 { 'yes' } else { 'no' }
const n = {name: 'alice'}.age
const o: {name: string} = {name: 'alice', age: 42}
const p: {x: number, y: number} = {x: 1}

const fn = (a: number, b: number) => a + b
const resulta: 4 = fn(2, 2)
const resultb: 4 = (2)..fn(2)

const aaaaaa = fn()
const bbbbbb = fn(1, 2, 3)
---
[
    BagelError {
        src: Slice("42"),
        severity: Error,
        details: MiscError {
            message: "Type '42' is not assignable to type 'string'",
        },
        related: [],
    },
    BagelError {
        src: Slice("true"),
        severity: Error,
        details: MiscError {
            message: "Type 'true' is not assignable to type 'number'",
        },
        related: [],
    },
    BagelError {
        src: Slice("true"),
        severity: Error,
        details: MiscError {
            message: "Operator '+' cannot be applied to type 'true'",
        },
        related: [],
    },
    BagelError {
        src: Slice("'hello'"),
        severity: Error,
        details: MiscError {
            message: "Operator '-' cannot be applied to type ''hello''",
        },
        related: [],
    },
    BagelError {
        src: Slice("1"),
        severity: Error,
        details: MiscError {
            message: "Operator '&&' cannot be applied to type '1'",
        },
        related: [],
    },
    BagelError {
        src: Slice("2"),
        severity: Error,
        details: MiscError {
            message: "Operator '&&' cannot be applied to type '2'",
        },
        related: [],
    },
    BagelError {
        src: Slice("true"),
        severity: Error,
        details: MiscError {
            message: "Operator '<' cannot be applied to type 'true'",
        },
        related: [],
    },
    BagelError {
        src: Slice("42"),
        severity: Error,
        details: MiscError {
            message: "Operator '!' cannot be applied to type '42'",
        },
        related: [],
    },
    BagelError {
        src: Slice("nil ?? 5"),
        severity: Error,
        details: MiscError {
            message: "Type '5' is not assignable to type 'boolean'",
        },
        related: [],
    },
    BagelError {
        src: Slice("15"),
        severity: Error,
        details: MiscError {
            message: "Type '15' is not assignable to type '0..10'",
        },
        related: [],
    },
    BagelError {
        src: Slice("['hello', 42]"),
        severity: Error,
        details: MiscError {
            message: "Element at index 1 is not compatible: Type '42' is not assignable to type 'string'",
        },
        related: [],
    },
    BagelError {
        src: Slice("() => 42"),
        severity: Error,
        details: MiscError {
            message: "Return type is not compatible: Type '42' is not assignable to type 'string'",
        },
        related: [],
    },
    BagelError {
        src: Slice("(x: number) => x"),
        severity: Error,
        details: MiscError {
            message: "Parameter 0 is not compatible: Type 'string' is not assignable to type 'number'",
        },
        related: [],
    },
    BagelError {
        src: Slice("1"),
        severity: Error,
        details: MiscError {
            message: "Value of type '1' can't be used as a condition",
        },
        related: [],
    },
    BagelError {
        src: Slice("age"),
        severity: Error,
        details: MiscError {
            message: "Property 'age' does not exist on type '{ name: 'alice' }'",
        },
        related: [],
    },
    BagelError {
        src: Slice("{name: 'alice', age: 42}"),
        severity: Error,
        details: MiscError {
            message: "Object literal may only specify known properties, and 'age' does not exist in type '{ name: string }'.",
        },
        related: [],
    },
    BagelError {
        src: Slice("{x: 1}"),
        severity: Error,
        details: MiscError {
            message: "Property 'y' is missing in type '{ x: 1 }'.",
        },
        related: [],
    },
    BagelError {
        src: Slice("fn()"),
        severity: Error,
        details: MiscError {
            message: "Expected 2 arguments, but got 0",
        },
        related: [],
    },
    BagelError {
        src: Slice("fn(1, 2, 3)"),
        severity: Error,
        details: MiscError {
            message: "Expected 2 arguments, but got 3",
        },
        related: [],
    },
]
