---
source: tests/check.rs
expression: "test_check(common :: samples :: PIPE_CALL)"
---
const double = (x: number): number => x * 2
const add = (a: number, b: number): number => a + b
const result = 5..double()
const other = 5..add(3)
const stuff = (3 + 'foo')..double()
---
[
    BagelError {
        src: Slice("(3 + 'foo')"),
        severity: Error,
        details: MiscError {
            message: "Type ''3foo'' is not assignable to type 'number'",
        },
        related: [],
    },
]
