---
source: tests/check.rs
expression: "test_check(common :: samples :: TYPE_ANNOTATIONS)"
---
const a: number = 1
const b: string = 'hi'
const c: boolean = true
const d: nil = nil
const e: unknown = 42
const f: 0..10 = 5
const g: 0.. = 100
const h: ..100 = 50
const i: number[] = [1, 2, 3]
const j: typeof a = 2
const k: (number) = 3
const l: number = b * 3
---
[
    BagelError {
        src: Slice("2"),
        severity: Error,
        details: MiscError {
            message: "Type '2' is not assignable to type '1'",
        },
        related: [],
    },
    BagelError {
        src: Slice("b"),
        severity: Error,
        details: MiscError {
            message: "Operator '*' cannot be applied to type ''hi''",
        },
        related: [],
    },
]
