---
source: tests/check.rs
expression: "test_check(common :: samples :: RETURN_STATEMENT)"
---
const a = (): number => {
    return 1
}
const b = () => {
    return 'hello'
}
const c = (x: boolean) => {
    b()
    return if x || y { 1 } else { 2 }
}
const d = (): number => {
    const x = 5
    return x
}
const e = () => {
    const greeting: string = 'hello'
    return greeting
}
---
[
    BagelError {
        src: Slice("y"),
        severity: Error,
        details: MiscError {
            message: "\"y\" is not defined",
        },
        related: [],
    },
]
