---
source: tests/compile.rs
expression: "test_compile(common :: samples :: FUNCTION_TYPES)"
---
const a: () => number = () => 42
const b: (number) => number = (x) => x + 1
const c: (number, number) => number = (a, b) => a + b
const d: (x: number, y: number) => number = (a, b) => a + b
---
const a = () => 42;
const b = (x) => x + 1;
const c = (a, b) => a + b;
const d = (a, b) => a + b;
