---
source: tests/compile.rs
expression: "test_compile(common :: samples :: BAD_SYNTAX)"
---
const arr: number[] = [1,,.,3]
const foo = () => {
    (
}
const other = obj.
const otherfunc = () => {
    obja.()
    objb.
}
---
const arr = [];
const foo = () => { ; };
const other = obj.;
const otherfunc = () => { obja.(); objb.; };
