---
source: tests/compile.rs
expression: compiled
---
const x = 42;
const y = true;
const z = false;
const c = a === b || y !== z;
const foo = [1, 2, {stuff: 'other'}];
const func = (a, b) => (a > 5 ? a : a + b);
const bar = (a, b) => a + b;
const a = null;
const main = () => { print(12); };
const b = y * 2 + x;
