---
source: tests/compile.rs
expression: "test_compile(common :: samples :: TYPE_ANNOTATIONS)"
---
const a: number = 1
const b: string = 'hi'
const c: boolean = true
const d: nil = nil
const e: unknown = 42
const f: 0..10 = 5
const g: 0.. = 100
const h: ..100 = 50
const i: number[] = [1, 2, 3]
const j: typeof a = 2
const k: (number) = 3
const l: number = b * 3
---
const module_0_a = 1;
const module_0_b = 'hi';
const module_0_c = true;
const module_0_d = undefined;
const module_0_e = 42;
const module_0_f = 5;
const module_0_g = 100;
const module_0_h = 50;
const module_0_i = [1, 2, 3];
const module_0_j = 2;
const module_0_k = 3;
const module_0_l = module_0_b * 3;
