---
source: tests/compile.rs
expression: "test_compile(common :: samples :: FUNCTIONS)"
---
const a = () => 42
const b = (x: number) => x + 1
const c = (x: number, y: number): number => x + y
const d = x => x
const e = () => {
    js.console.log('hello')
}
const f = (a: number, b: number) => {
    js.console.log(a)
    js.console.log(b)
}
---
const module_0_a = () => 42;
const module_0_b = (x) => x + 1;
const module_0_c = (x, y) => x + y;
const module_0_d = x => x;
const module_0_e = () => { console.log('hello'); };
const module_0_f = (a, b) => { console.log(a); console.log(b); };
