---
source: tests/compile.rs
expression: "test_compile(common :: samples :: INVOCATIONS)"
---
const log = js.console.log
const main = () => {
    js.console.log('hello')
    js.console.log(42)
}
---
const module_0_log = console.log;
const module_0_main = () => { console.log('hello'); console.log(42); };
