---
source: tests/compile.rs
expression: "test_compile(common :: samples :: TYPE_ANNOTATIONS)"
---
const a: number = 1
const b: string = 'hi'
const c: boolean = true
const d: nil = nil
const e: unknown = 42
const f: 0..10 = 5
const g: 0.. = 100
const h: ..100 = 50
const i: number[] = [1, 2, 3]
const j: typeof a = 2
const k: (number) = 3
---
const a = 1;
const b = 'hi';
const c = true;
const d = undefined;
const e = 42;
const f = 5;
const g = 100;
const h = 50;
const i = [1, 2, 3];
const j = 2;
const k = 3;
