---
source: tests/compile.rs
expression: "test_compile(common :: samples :: TYPE_ERRORS)"
---
const a: string = 42
const b: number = true
const c = 1 + true
const d = 'hello' - 1
const e = 1 && 2
const f = 1 < true
const g = !42
const h: boolean = nil ?? 5
const i: 0..10 = 15
const j: string[] = ['hello', 42]
const k: () => string = () => 42
const l: (string) => number = (x: number) => x
const m = if 1 { 'yes' } else { 'no' }
const n = {name: 'alice'}.age
const o: {name: string} = {name: 'alice', age: 42}
const p: {x: number, y: number} = {x: 1}
---
const a = 42;
const b = true;
const c = 1 + true;
const d = 'hello' - 1;
const e = 1 && 2;
const f = 1 < true;
const g = !42;
const h = undefined ?? 5;
const i = 15;
const j = ['hello', 42];
const k = () => 42;
const l = (x) => x;
const m = (1 ? 'yes' : 'no');
const n = {name: 'alice'}.age;
const o = {name: 'alice', age: 42};
const p = {x: 1};
