---
source: tests/emit.rs
expression: "test_emit(common :: samples :: BAD_SYNTAX)"
---
const arr: number[] = [1,,.,3]
const foo = () => {
    (
}
const other = obj.
const otherfunc = () => {
    obja.()
    objb.
}
---
const arr: number[] = [1,,.,3]
const foo = () => {

    (

}
const other = obj.
const otherfunc = () => {
obja.()
objb.
}
