---
source: tests/emit.rs
expression: "test_emit(common :: samples :: TUPLE_TYPE_ERRORS)"
---
const a: [number, string] = [1, 2]
const b: [number, number] = [1, 2, 3]
const c: [number, number, number] = [1, 2]
const d: [string] = [42]
const e: [boolean] = ['oops']
const f: [number, string] = 'not a tuple'
---
const a: [number, string] = [1, 2]
const b: [number, number] = [1, 2, 3]
const c: [number, number, number] = [1, 2]
const d: [string] = [42]
const e: [boolean] = ['oops']
const f: [number, string] = 'not a tuple'
