---
source: tests/emit.rs
expression: "test_emit(common :: samples :: PROPERTY_ACCESS)"
---
const a = {x: 1, y: 2}
const b = a.x
const c = {inner: {deep: 42}}
const d = c.inner.deep
const e = js.console.log
---
const a = { x: 1, y: 2 }
const b = a.x
const c = { inner: { deep: 42 } }
const d = c.inner.deep
const e = js.console.log
