---
source: tests/emit.rs
expression: "test_emit(common :: samples :: PIPE_CALL)"
---
const double = (x: number): number => x * 2
const add = (a: number, b: number): number => a + b
const result = 5..double()
const other = 5..add(3)
const stuff = (3 + 'foo')..double()
---
const double = (x: number): number => x * 2
const add = (a: number, b: number): number => a + b
const result = 5..double()
const other = 5..add(3)
const stuff = (3 + 'foo')..double()
