---
source: tests/parse.rs
expression: "test_parse(common :: samples :: IF_ELSE)"
---
const a = if true { 1 } else { 2 }
const b = if false { 'yes' }
const c = if true { 1 } else if false { 2 } else { 3 }
const d = if true { 'a' } else if true { 'b' } else if false { 'c' } else { 'd' }
---
Ok(
    (
        Slice("\n"),
        ASTInner {
            slice: Slice("\nconst a = if true { 1 } else { 2 }\nconst b = if false { 'yes' }\nconst c = if true { 1 } else if false { 2 } else { 3 }\nconst d = if true { 'a' } else if true { 'b' } else if false { 'c' } else { 'd' }"),
            details: Module {
                declarations: [
                    ASTInner {
                        slice: Slice("const a = if true { 1 } else { 2 }"),
                        details: ConstDeclaration {
                            export_keyword: None,
                            const_keyword: Slice("const"),
                            identifier: ASTInner {
                                slice: Slice("a"),
                                details: PlainIdentifier {
                                    slice: Slice("a"),
                                },
                            },
                            type_annotation: None,
                            equals: Slice("="),
                            value: ASTInner {
                                slice: Slice("if true { 1 } else { 2 }"),
                                details: IfElseExpression {
                                    if_keyword: Slice("if"),
                                    condition: ASTInner {
                                        slice: Slice("true"),
                                        details: BooleanLiteral {
                                            value: true,
                                        },
                                    },
                                    open_brace: Slice("{"),
                                    consequent: ASTInner {
                                        slice: Slice("1"),
                                        details: NumberLiteral {
                                            slice: Slice("1"),
                                        },
                                    },
                                    close_brace: Slice("}"),
                                    else_clause: Some(
                                        ElseBlock {
                                            else_keyword: Slice("else"),
                                            open_brace: Slice("{"),
                                            expression: ASTInner {
                                                slice: Slice("2"),
                                                details: NumberLiteral {
                                                    slice: Slice("2"),
                                                },
                                            },
                                            close_brace: Slice("}"),
                                        },
                                    ),
                                },
                            },
                        },
                    },
                    ASTInner {
                        slice: Slice("const b = if false { 'yes' }"),
                        details: ConstDeclaration {
                            export_keyword: None,
                            const_keyword: Slice("const"),
                            identifier: ASTInner {
                                slice: Slice("b"),
                                details: PlainIdentifier {
                                    slice: Slice("b"),
                                },
                            },
                            type_annotation: None,
                            equals: Slice("="),
                            value: ASTInner {
                                slice: Slice("if false { 'yes' }"),
                                details: IfElseExpression {
                                    if_keyword: Slice("if"),
                                    condition: ASTInner {
                                        slice: Slice("false"),
                                        details: BooleanLiteral {
                                            value: false,
                                        },
                                    },
                                    open_brace: Slice("{"),
                                    consequent: ASTInner {
                                        slice: Slice("'yes'"),
                                        details: StringLiteral {
                                            open_quote: Slice("'"),
                                            contents: Slice("yes"),
                                            close_quote: Slice("'"),
                                        },
                                    },
                                    close_brace: Slice("}"),
                                    else_clause: None,
                                },
                            },
                        },
                    },
                    ASTInner {
                        slice: Slice("const c = if true { 1 } else if false { 2 } else { 3 }"),
                        details: ConstDeclaration {
                            export_keyword: None,
                            const_keyword: Slice("const"),
                            identifier: ASTInner {
                                slice: Slice("c"),
                                details: PlainIdentifier {
                                    slice: Slice("c"),
                                },
                            },
                            type_annotation: None,
                            equals: Slice("="),
                            value: ASTInner {
                                slice: Slice("if true { 1 } else if false { 2 } else { 3 }"),
                                details: IfElseExpression {
                                    if_keyword: Slice("if"),
                                    condition: ASTInner {
                                        slice: Slice("true"),
                                        details: BooleanLiteral {
                                            value: true,
                                        },
                                    },
                                    open_brace: Slice("{"),
                                    consequent: ASTInner {
                                        slice: Slice("1"),
                                        details: NumberLiteral {
                                            slice: Slice("1"),
                                        },
                                    },
                                    close_brace: Slice("}"),
                                    else_clause: Some(
                                        ElseIf {
                                            else_keyword: Slice("else"),
                                            if_else: ASTInner {
                                                slice: Slice("if false { 2 } else { 3 }"),
                                                details: IfElseExpression {
                                                    if_keyword: Slice("if"),
                                                    condition: ASTInner {
                                                        slice: Slice("false"),
                                                        details: BooleanLiteral {
                                                            value: false,
                                                        },
                                                    },
                                                    open_brace: Slice("{"),
                                                    consequent: ASTInner {
                                                        slice: Slice("2"),
                                                        details: NumberLiteral {
                                                            slice: Slice("2"),
                                                        },
                                                    },
                                                    close_brace: Slice("}"),
                                                    else_clause: Some(
                                                        ElseBlock {
                                                            else_keyword: Slice("else"),
                                                            open_brace: Slice("{"),
                                                            expression: ASTInner {
                                                                slice: Slice("3"),
                                                                details: NumberLiteral {
                                                                    slice: Slice("3"),
                                                                },
                                                            },
                                                            close_brace: Slice("}"),
                                                        },
                                                    ),
                                                },
                                            },
                                        },
                                    ),
                                },
                            },
                        },
                    },
                    ASTInner {
                        slice: Slice("const d = if true { 'a' } else if true { 'b' } else if false { 'c' } else { 'd' }"),
                        details: ConstDeclaration {
                            export_keyword: None,
                            const_keyword: Slice("const"),
                            identifier: ASTInner {
                                slice: Slice("d"),
                                details: PlainIdentifier {
                                    slice: Slice("d"),
                                },
                            },
                            type_annotation: None,
                            equals: Slice("="),
                            value: ASTInner {
                                slice: Slice("if true { 'a' } else if true { 'b' } else if false { 'c' } else { 'd' }"),
                                details: IfElseExpression {
                                    if_keyword: Slice("if"),
                                    condition: ASTInner {
                                        slice: Slice("true"),
                                        details: BooleanLiteral {
                                            value: true,
                                        },
                                    },
                                    open_brace: Slice("{"),
                                    consequent: ASTInner {
                                        slice: Slice("'a'"),
                                        details: StringLiteral {
                                            open_quote: Slice("'"),
                                            contents: Slice("a"),
                                            close_quote: Slice("'"),
                                        },
                                    },
                                    close_brace: Slice("}"),
                                    else_clause: Some(
                                        ElseIf {
                                            else_keyword: Slice("else"),
                                            if_else: ASTInner {
                                                slice: Slice("if true { 'b' } else if false { 'c' } else { 'd' }"),
                                                details: IfElseExpression {
                                                    if_keyword: Slice("if"),
                                                    condition: ASTInner {
                                                        slice: Slice("true"),
                                                        details: BooleanLiteral {
                                                            value: true,
                                                        },
                                                    },
                                                    open_brace: Slice("{"),
                                                    consequent: ASTInner {
                                                        slice: Slice("'b'"),
                                                        details: StringLiteral {
                                                            open_quote: Slice("'"),
                                                            contents: Slice("b"),
                                                            close_quote: Slice("'"),
                                                        },
                                                    },
                                                    close_brace: Slice("}"),
                                                    else_clause: Some(
                                                        ElseIf {
                                                            else_keyword: Slice("else"),
                                                            if_else: ASTInner {
                                                                slice: Slice("if false { 'c' } else { 'd' }"),
                                                                details: IfElseExpression {
                                                                    if_keyword: Slice("if"),
                                                                    condition: ASTInner {
                                                                        slice: Slice("false"),
                                                                        details: BooleanLiteral {
                                                                            value: false,
                                                                        },
                                                                    },
                                                                    open_brace: Slice("{"),
                                                                    consequent: ASTInner {
                                                                        slice: Slice("'c'"),
                                                                        details: StringLiteral {
                                                                            open_quote: Slice("'"),
                                                                            contents: Slice("c"),
                                                                            close_quote: Slice("'"),
                                                                        },
                                                                    },
                                                                    close_brace: Slice("}"),
                                                                    else_clause: Some(
                                                                        ElseBlock {
                                                                            else_keyword: Slice("else"),
                                                                            open_brace: Slice("{"),
                                                                            expression: ASTInner {
                                                                                slice: Slice("'d'"),
                                                                                details: StringLiteral {
                                                                                    open_quote: Slice("'"),
                                                                                    contents: Slice("d"),
                                                                                    close_quote: Slice("'"),
                                                                                },
                                                                            },
                                                                            close_brace: Slice("}"),
                                                                        },
                                                                    ),
                                                                },
                                                            },
                                                        },
                                                    ),
                                                },
                                            },
                                        },
                                    ),
                                },
                            },
                        },
                    },
                ],
            },
        },
    ),
)
