---
source: tests/parse.rs
expression: "test_parse(common :: samples :: UNPARSEABLE_JUNK)"
---
const a =    1
@#$%^&
const b = 2
---
Ok(
    (
        Slice("\n@#$%^&\nconst b = 2\n"),
        ASTInner {
            slice: Slice("\nconst a =    1"),
            details: Module {
                declarations: [
                    ASTInner {
                        slice: Slice("const a =    1"),
                        details: ConstDeclaration {
                            export_keyword: None,
                            const_keyword: Slice("const"),
                            identifier: ASTInner {
                                slice: Slice("a"),
                                details: PlainIdentifier {
                                    slice: Slice("a"),
                                },
                            },
                            type_annotation: None,
                            equals: Slice("="),
                            value: ASTInner {
                                slice: Slice("1"),
                                details: NumberLiteral {
                                    slice: Slice("1"),
                                },
                            },
                        },
                    },
                ],
            },
        },
    ),
)
