---
source: tests/parse.rs
expression: "test_parse(common :: samples :: PROPERTY_ACCESS)"
---
const a = {x: 1, y: 2}
const b = a.x
const c = {inner: {deep: 42}}
const d = c.inner.deep
const e = js.console.log
---
Ok(
    (
        Slice("\n"),
        ASTInner {
            slice: Slice("\nconst a = {x: 1, y: 2}\nconst b = a.x\nconst c = {inner: {deep: 42}}\nconst d = c.inner.deep\nconst e = js.console.log"),
            details: Module {
                declarations: [
                    ASTInner {
                        slice: Slice("const a = {x: 1, y: 2}"),
                        details: ConstDeclaration {
                            export_keyword: None,
                            const_keyword: Slice("const"),
                            identifier: ASTInner {
                                slice: Slice("a"),
                                details: PlainIdentifier {
                                    slice: Slice("a"),
                                },
                            },
                            type_annotation: None,
                            equals: Slice("="),
                            value: ASTInner {
                                slice: Slice("{x: 1, y: 2}"),
                                details: ObjectLiteral {
                                    open_brace: Slice("{"),
                                    fields: [
                                        (
                                            ASTInner {
                                                slice: Slice("x"),
                                                details: PlainIdentifier {
                                                    slice: Slice("x"),
                                                },
                                            },
                                            Slice(":"),
                                            ASTInner {
                                                slice: Slice("1"),
                                                details: NumberLiteral {
                                                    slice: Slice("1"),
                                                },
                                            },
                                        ),
                                        (
                                            ASTInner {
                                                slice: Slice("y"),
                                                details: PlainIdentifier {
                                                    slice: Slice("y"),
                                                },
                                            },
                                            Slice(":"),
                                            ASTInner {
                                                slice: Slice("2"),
                                                details: NumberLiteral {
                                                    slice: Slice("2"),
                                                },
                                            },
                                        ),
                                    ],
                                    commas: [
                                        Slice(","),
                                    ],
                                    trailing_comma: None,
                                    close_brace: Some(
                                        Slice("}"),
                                    ),
                                },
                            },
                        },
                    },
                    ASTInner {
                        slice: Slice("const b = a.x"),
                        details: ConstDeclaration {
                            export_keyword: None,
                            const_keyword: Slice("const"),
                            identifier: ASTInner {
                                slice: Slice("b"),
                                details: PlainIdentifier {
                                    slice: Slice("b"),
                                },
                            },
                            type_annotation: None,
                            equals: Slice("="),
                            value: ASTInner {
                                slice: Slice("a.x"),
                                details: PropertyAccessExpression {
                                    subject: ASTInner {
                                        slice: Slice("a"),
                                        details: LocalIdentifier {
                                            identifier: ASTInner {
                                                slice: Slice("a"),
                                                details: PlainIdentifier {
                                                    slice: Slice("a"),
                                                },
                                            },
                                        },
                                    },
                                    dot: Slice("."),
                                    property: ASTInner {
                                        slice: Slice("x"),
                                        details: PlainIdentifier {
                                            slice: Slice("x"),
                                        },
                                    },
                                },
                            },
                        },
                    },
                    ASTInner {
                        slice: Slice("const c = {inner: {deep: 42}}"),
                        details: ConstDeclaration {
                            export_keyword: None,
                            const_keyword: Slice("const"),
                            identifier: ASTInner {
                                slice: Slice("c"),
                                details: PlainIdentifier {
                                    slice: Slice("c"),
                                },
                            },
                            type_annotation: None,
                            equals: Slice("="),
                            value: ASTInner {
                                slice: Slice("{inner: {deep: 42}}"),
                                details: ObjectLiteral {
                                    open_brace: Slice("{"),
                                    fields: [
                                        (
                                            ASTInner {
                                                slice: Slice("inner"),
                                                details: PlainIdentifier {
                                                    slice: Slice("inner"),
                                                },
                                            },
                                            Slice(":"),
                                            ASTInner {
                                                slice: Slice("{deep: 42}"),
                                                details: ObjectLiteral {
                                                    open_brace: Slice("{"),
                                                    fields: [
                                                        (
                                                            ASTInner {
                                                                slice: Slice("deep"),
                                                                details: PlainIdentifier {
                                                                    slice: Slice("deep"),
                                                                },
                                                            },
                                                            Slice(":"),
                                                            ASTInner {
                                                                slice: Slice("42"),
                                                                details: NumberLiteral {
                                                                    slice: Slice("42"),
                                                                },
                                                            },
                                                        ),
                                                    ],
                                                    commas: [],
                                                    trailing_comma: None,
                                                    close_brace: Some(
                                                        Slice("}"),
                                                    ),
                                                },
                                            },
                                        ),
                                    ],
                                    commas: [],
                                    trailing_comma: None,
                                    close_brace: Some(
                                        Slice("}"),
                                    ),
                                },
                            },
                        },
                    },
                    ASTInner {
                        slice: Slice("const d = c.inner.deep"),
                        details: ConstDeclaration {
                            export_keyword: None,
                            const_keyword: Slice("const"),
                            identifier: ASTInner {
                                slice: Slice("d"),
                                details: PlainIdentifier {
                                    slice: Slice("d"),
                                },
                            },
                            type_annotation: None,
                            equals: Slice("="),
                            value: ASTInner {
                                slice: Slice("c.inner.deep"),
                                details: PropertyAccessExpression {
                                    subject: ASTInner {
                                        slice: Slice("c.inner"),
                                        details: PropertyAccessExpression {
                                            subject: ASTInner {
                                                slice: Slice("c"),
                                                details: LocalIdentifier {
                                                    identifier: ASTInner {
                                                        slice: Slice("c"),
                                                        details: PlainIdentifier {
                                                            slice: Slice("c"),
                                                        },
                                                    },
                                                },
                                            },
                                            dot: Slice("."),
                                            property: ASTInner {
                                                slice: Slice("inner"),
                                                details: PlainIdentifier {
                                                    slice: Slice("inner"),
                                                },
                                            },
                                        },
                                    },
                                    dot: Slice("."),
                                    property: ASTInner {
                                        slice: Slice("deep"),
                                        details: PlainIdentifier {
                                            slice: Slice("deep"),
                                        },
                                    },
                                },
                            },
                        },
                    },
                    ASTInner {
                        slice: Slice("const e = js.console.log"),
                        details: ConstDeclaration {
                            export_keyword: None,
                            const_keyword: Slice("const"),
                            identifier: ASTInner {
                                slice: Slice("e"),
                                details: PlainIdentifier {
                                    slice: Slice("e"),
                                },
                            },
                            type_annotation: None,
                            equals: Slice("="),
                            value: ASTInner {
                                slice: Slice("js.console.log"),
                                details: PropertyAccessExpression {
                                    subject: ASTInner {
                                        slice: Slice("js.console"),
                                        details: PropertyAccessExpression {
                                            subject: ASTInner {
                                                slice: Slice("js"),
                                                details: LocalIdentifier {
                                                    identifier: ASTInner {
                                                        slice: Slice("js"),
                                                        details: PlainIdentifier {
                                                            slice: Slice("js"),
                                                        },
                                                    },
                                                },
                                            },
                                            dot: Slice("."),
                                            property: ASTInner {
                                                slice: Slice("console"),
                                                details: PlainIdentifier {
                                                    slice: Slice("console"),
                                                },
                                            },
                                        },
                                    },
                                    dot: Slice("."),
                                    property: ASTInner {
                                        slice: Slice("log"),
                                        details: PlainIdentifier {
                                            slice: Slice("log"),
                                        },
                                    },
                                },
                            },
                        },
                    },
                ],
            },
        },
    ),
)
