---
source: tests/types.rs
expression: "test_infer(common :: samples :: NAMED_TYPE_ERRORS)"
---
type mynum = number
const a: mynum = 'not a number'

type pair = [number, string]
const b: pair = [1, 2]
const c: pair = ['oops', 'bad']

type result = number | string
const d: result = true

type strict = [boolean, number]
const e: strict = [1, true]
---
'bad' -> 'bad'
'not a number' -> 'not a number'
'oops' -> 'oops'
1 -> 1
2 -> 2
['oops', 'bad'] -> ['oops', 'bad']
[1, 2] -> [1, 2]
[1, true] -> [1, true]
true -> true
