---
source: tests/types.rs
expression: output
---
(a: number, b: string) => a + b -> (arg0: unknown, arg1: unknown) => string
2 -> 2
42 -> 42
[1, 2, {stuff: 'other'}] -> [1, 2, {stuff: "other"}]
a -> number
a + b -> string
a == b -> boolean
a == b || y != z -> boolean
b -> string
false -> false
nil -> nil
true -> true
x -> 42
y -> true
y != z -> true
y * 2 -> number
y * 2 + x -> number
z -> false
