---
source: tests/types.rs
expression: "test_infer(common :: samples :: UNION_TYPES)"
---
const a: number | string = 42
const b: number | string = 'hello'
const c: number | string | boolean = true
const d: number | nil = nil
const e: number | nil = 5
const f: string | number = if true { 'hi' } else { 42 }
const g: (number | string)[] = [1, 'two', 3]
const h: [number, string | boolean] = [1, true]
const i: [number, string | boolean] = [1, 'hello']
---
'hello' -> 'hello'
'hi' -> 'hi'
'two' -> 'two'
1 -> 1
3 -> 3
42 -> 42
5 -> 5
[1, 'hello'] -> [1, 'hello']
[1, 'two', 3] -> [1, 'two', 3]
[1, true] -> [1, true]
if true { 'hi' } else { 42 } -> 'hi'
nil -> nil
true -> true
