---
source: tests/types.rs
expression: "test_infer(common :: samples :: RETURN_STATEMENT)"
---
const a = (): number => {
    return 1
}
const b = () => {
    return 'hello'
}
const c = (x: boolean) => {
    b()
    return if x || y { 1 } else { 2 }
}
---
'hello' -> 'hello'
() => {
    return 'hello'
} -> () => 'hello'
(): number => {
    return 1
} -> () => number
(x: boolean) => {
    b()
    return if x || y { 1 } else { 2 }
} -> (arg0: boolean) => 1 | 2
1 -> 1
2 -> 2
b -> () => 'hello'
b() -> never
if x || y { 1 } else { 2 } -> 1 | 2
x -> boolean
x || y -> unknown
y -> unknown
